[www.bbc.com/news/articles/cv2237rplg8o.html]
[backblue.gif]
[fade.gif]
[index.html]
[ichef.bbci.co.uk/news/1024/branded_news/adf8/live/6718d150-1710-11ef-a762-7f93a78476c3.jpg]
[www.bbc.com/news/articles/cv2237rplg8o-2.html]
[www.bbc.com/bbcx/apple-touch-icon.png]
[www.bbc.com/bbcx/favicon-32x32.png]
[www.bbc.com/bbcx/favicon-16x16.png]
[www.bbc.com/bbcx/_next/static/css/2ca6241c47b04a76.css]
[www.bbc.com/bbcx/_next/static/chunks/polyfills-c67a75d1b6f99dc8.js]
[static.bbci.co.uk/frameworks/requirejs/0.13.0/sharedmodules/require.js]
[cdn.optimizely.com/public/4621041136/s/bbcx_prod.js]
[gn-web-assets.api.bbc.com/ngas/latest/dotcom-bootstrap.js]
[emp.bbci.co.uk/emp/bump-4/bump-4.js]
[www.bbc.com/bbcx/_next/static/chunks/333.6b664d17197b13a2.js]
[www.bbc.com/bbcx/_next/static/chunks/423.ab1dbde8987ebda2.js]
[www.bbc.com/bbcx/_next/static/chunks/766.0e0893882476f02c.js]
[www.bbc.com/bbcx/_next/static/chunks/662.5f56dce1dcd19ab3.js]
[www.bbc.com/bbcx/_next/static/chunks/webpack-bb9d4e2883e5fd11.js]
[www.bbc.com/bbcx/_next/static/chunks/framework-98e6f5bc52a2e411.js]
[www.bbc.com/bbcx/_next/static/chunks/main-3838744298e667de.js]
[www.bbc.com/bbcx/_next/static/chunks/pages/_app-8a6ab64ae5ac0fd1.js]
[www.bbc.com/bbcx/_next/static/chunks/647-7302ebb5233e8033.js]
[www.bbc.com/bbcx/_next/static/chunks/606-5802c4498f15ae69.js]
[www.bbc.com/bbcx/_next/static/chunks/400-ed6085314b08ee51.js]
[www.bbc.com/bbcx/_next/static/chunks/pages/[[...slug]]-30be21f0fc638ed9.js]
[www.bbc.com/bbcx/_next/static/WUAovQFS17eAHVnlbZbQz/_buildManifest.js]
[www.bbc.com/bbcx/_next/static/WUAovQFS17eAHVnlbZbQz/_ssgManifest.js]
[www.bbc.com/news/articles/cv2237rplg8o.html]
[static.files.bbci.co.uk/ws/simorgh-assets/public/news/images/icons/icon-144x144.png]
[www.bbc.com/news/articles/manifest.json]
[static.files.bbci.co.uk/ws/simorgh-assets/public/news/images/icons/icon-192x192.png]
[static.files.bbci.co.uk/ws/simorgh-assets/public/news/images/icons/icon-72x72.png]
[static.files.bbci.co.uk/ws/simorgh-assets/public/news/images/icons/icon-96x96.png]
[static.files.bbci.co.uk/ws/simorgh-assets/public/news/images/icons/icon-128x128.png]
[static.files.bbci.co.uk/ws/simorgh-assets/public/news/images/icons/icon-152x152.png]
[static.files.bbci.co.uk/ws/simorgh-assets/public/news/images/icons/icon-180x180.png]
[static.files.bbci.co.uk/ws/simorgh-assets/public/news/images/icons/icon-384x384.png]
[static.files.bbci.co.uk/ws/simorgh-assets/public/news/images/icons/icon-512x512.png]
[ichef.bbci.co.uk/ace/ws/640/cpsprodpb/adf8/live/6718d150-1710-11ef-a762-7f93a78476c3.jpg]
[cdn.ampproject.org/v0/amp-bind-0.1.js]
[cdn.ampproject.org/v0/amp-list-0.1.js]
[cdn.ampproject.org/v0/amp-mustache-0.2.js]
[cdn.ampproject.org/v0/amp-script-0.1.js]
[cdn.ampproject.org/v0.js]
[cdn.ampproject.org/v0/amp-geo-0.1.js]
[cdn.ampproject.org/v0/amp-consent-0.1.js]
[cdn.ampproject.org/v0/amp-analytics-0.1.js]
[www.bbc.com/news/articles/ce55vp78n40o.html]
[www.bbc.com/news/articles/cw4490z75v3o.html]
[www.bbc.com/news/articles/c722dewd93vo.html]
[www.bbc.com/news/articles/cxee00pdmreo.html]
[www.bbc.com/news/articles/c1997z82gdro.html]
[www.bbc.com/news/articles/c3gqq3zle2go.html]
[www.bbc.com/news/articles/cgrrky897k0o.html]
[www.bbc.com/news/articles/cjmmj7r0v2go.html]
[www.bbc.com/news/articles/cj5ll89dy2mo.html]
[www.bbc.com/news/articles/amp-script_dataFunctions.getRemoteData]
[www.bbc.com/news/articles/{{href}}]
[www.bbc.com/news/articles/cv2237rplg8o-2.html]
[www.bbc.com/bbcx/_next/static/media/ajax-loader.0b80f665.gif]
[www.bbc.com/bbcx/_next/static/css/2ca6241c47b04a76.css]
[emp.bbci.co.uk/emp/assets/2.0.27/bump-4.css]
[www.gstatic.com/cv/js/sender/v1/cast_sender97cd.js]
[www.bbc.com/news/articles/cta_play.png]
[www.bbc.com/news/articles/cta_play_audio.png]
[emp.bbci.co.uk/emp/assets/bump-3/json.js]
[emp.bbci.co.uk/emp/bump-4/bump-4.js]
[ichef.bbci.co.uk/news/1024/branded_news/5636/live/9f486d20-176e-11ef-80aa-699d54c46324.jpg]
[www.bbc.com/news/articles/ce55vp78n40o.html]
[www.bbc.com/news/articles/ce55vp78n40o-2.html]
[ichef.bbci.co.uk/news/1024/branded_news/e2c4/live/d1436a50-1755-11ef-976f-87c9f89e656e.png]
[www.bbc.com/news/articles/cw4490z75v3o.html]
[www.bbc.com/news/articles/cw4490z75v3o-2.html]
[ichef.bbci.co.uk/news/1024/branded_news/39e5/live/ae234ee0-1765-11ef-806c-bf47bb1274cd.jpg]
[www.bbc.com/news/articles/c722dewd93vo.html]
[www.bbc.com/news/articles/c722dewd93vo-2.html]
[ichef.bbci.co.uk/news/1024/branded_news/5803/live/585197e0-16c7-11ef-976f-87c9f89e656e.jpg]
[www.bbc.com/news/articles/cxee00pdmreo-2.html]
[www.bbc.com/news/articles/cxee00pdmreo.html]
[ichef.bbci.co.uk/news/1024/branded_news/348a/live/0fb64e70-16f1-11ef-b8a8-7df7c0bab5ae.jpg]
[www.bbc.com/news/articles/c1997z82gdro.html]
[www.bbc.com/news/articles/c1997z82gdro-2.html]
[ichef.bbci.co.uk/news/1024/branded_news/7be1/live/69492cb0-f0ee-11ee-9c46-151a4c7500cd.jpg]
[www.bbc.com/news/articles/c3gqq3zle2go.html]
[www.bbc.com/news/articles/c3gqq3zle2go-2.html]
[ichef.bbci.co.uk/news/1024/branded_news/a54b/live/baf13bb0-1732-11ef-a5f9-c9e97f2e93cf.jpg]
[www.bbc.com/news/articles/cgrrky897k0o.html]
[www.bbc.com/news/articles/cgrrky897k0o-2.html]
[ichef.bbci.co.uk/news/1024/branded_news/a322/live/9f522300-171f-11ef-9b12-1ba8f95c4917.png]
[www.bbc.com/news/articles/cjmmj7r0v2go.html]
[www.bbc.com/news/articles/cjmmj7r0v2go-2.html]
[ichef.bbci.co.uk/news/1024/branded_news/d8d9/live/baf9c150-110a-11ef-a190-bb979758150a.jpg]
[www.bbc.com/news/articles/cj5ll89dy2mo.html]
[www.bbc.com/news/articles/amp-script_dataFunctions.html]
[www.bbc.com/news/articles/{{href}}.html]
[emp.bbci.co.uk/emp/assets/2.0.27/bump-4.css]
[www.bbc.com/news/articles/cta_play.html]
[www.bbc.com/news/articles/cta_play_audio.html]
[emp.bbci.co.uk/emp/assets/bump-3/json.js]
[www.bbc.com/news/articles/cj5ll89dy2mo-2.html]
[ichef.bbci.co.uk/ace/ws/640/cpsprodpb/ae45/live/faa9ec60-1774-11ef-a62a-0b5a43c99392.jpg]
[www.bbc.com/news/articles/ce55vp78n40o-2.html]
[ichef.bbci.co.uk/ace/ws/640/cpsprodpb/9b50/live/a133a4b0-1755-11ef-9b12-1ba8f95c4917.png]
[cdn.ampproject.org/v0/amp-iframe-0.1.js]
[ichef.bbci.co.uk/ace/ws/640/cpsprodpb/d30a/live/7ea9ea60-16f8-11ef-8378-63398510ddfa.jpg]
[ichef.bbci.co.uk/images/ic/512xn/p0hz5nkc.jpg]
[www.bbc.com/news/articles/cw4490z75v3o-2.html]
[ichef.bbci.co.uk/ace/ws/640/cpsprodpb/39e5/live/ae234ee0-1765-11ef-806c-bf47bb1274cd.jpg]
[ichef.bbci.co.uk/ace/ws/640/cpsprodpb/7ec2/live/05ddffc0-16c8-11ef-976f-87c9f89e656e.jpg]
[ichef.bbci.co.uk/ace/ws/640/cpsprodpb/ded1/live/a4262140-16c7-11ef-a5f9-c9e97f2e93cf.jpg]
[ichef.bbci.co.uk/ace/ws/640/cpsprodpb/68b8/live/ffe93ac0-16c8-11ef-976f-87c9f89e656e.jpg]
[ichef.bbci.co.uk/ace/ws/640/cpsprodpb/c7f9/live/d74a19d0-16c9-11ef-976f-87c9f89e656e.jpg]
[ichef.bbci.co.uk/ace/ws/640/cpsprodpb/c3bf/live/66118830-16c8-11ef-976f-87c9f89e656e.jpg]
[www.bbc.com/news/articles/c722dewd93vo-2.html]
[ichef.bbci.co.uk/ace/ws/640/cpsprodpb/1edf/live/99501500-16c7-11ef-9b12-1ba8f95c4917.jpg]
[www.bbc.com/news/articles/c72p5epzj2no.html]
[ichef.bbci.co.uk/ace/ws/640/cpsprodpb/0d67/live/598fe1e0-1693-11ef-b7cf-399530b43793.jpg]
[ichef.bbci.co.uk/ace/ws/640/cpsprodpb/2b1e/live/df4ec620-1693-11ef-9b12-1ba8f95c4917.jpg]
[ichef.bbci.co.uk/ace/ws/640/cpsprodpb/0960/live/f18fc990-16c7-11ef-a5f9-c9e97f2e93cf.jpg]
[ichef.bbci.co.uk/ace/ws/640/cpsprodpb/a4f0/live/67873d40-1691-11ef-a5f9-c9e97f2e93cf.jpg]
[www.bbc.com/news/articles/cxee00pdmreo-2.html]
[ichef.bbci.co.uk/ace/ws/640/cpsprodpb/348a/live/0fb64e70-16f1-11ef-b8a8-7df7c0bab5ae.jpg]
[ichef.bbci.co.uk/ace/ws/640/cpsprodpb/b5ef/live/fd09ebf0-16f1-11ef-9263-cda478c05263.jpg]
[www.bbc.com/news/articles/c1997z82gdro-2.html]
[ichef.bbci.co.uk/ace/ws/640/cpsprodpb/7be1/live/69492cb0-f0ee-11ee-9c46-151a4c7500cd.jpg]
[ichef.bbci.co.uk/ace/ws/640/cpsprodpb/82e7/live/651f6f30-f1a9-11ee-a0d9-0bccfe78f605.jpg]
[ichef.bbci.co.uk/ace/ws/640/cpsprodpb/358b/live/55c75950-f111-11ee-8369-47dc4454b972.jpg]
[ichef.bbci.co.uk/ace/ws/640/cpsprodpb/ca78/live/aa6379c0-f0ef-11ee-9c46-151a4c7500cd.jpg]
[ichef.bbci.co.uk/ace/ws/640/cpsprodpb/8cce/live/0e590260-f294-11ee-aee2-2df4d036a6b8.jpg]
[www.bbc.com/news/articles/c3gqq3zle2go-2.html]
[ichef.bbci.co.uk/ace/ws/640/cpsprodpb/1d35/live/808c7030-16af-11ef-976f-87c9f89e656e.jpg]
[ichef.bbci.co.uk/ace/ws/640/cpsprodpb/d17b/live/d0a9b470-172b-11ef-976f-87c9f89e656e.jpg]
[ichef.bbci.co.uk/ace/ws/640/cpsprodpb/0f47/live/aecbe2a0-16af-11ef-a5f9-c9e97f2e93cf.jpg]
[ichef.bbci.co.uk/ace/ws/640/cpsprodpb/56ba/live/faf07b40-16c4-11ef-921b-b795a8205614.jpg]
[ichef.bbci.co.uk/ace/ws/640/cpsprodpb/e3ce/live/39b6ef40-16b0-11ef-a5f9-c9e97f2e93cf.jpg]
[ichef.bbci.co.uk/ace/ws/640/cpsprodpb/a1fa/live/8c774330-1730-11ef-9b12-1ba8f95c4917.jpg]
[ichef.bbci.co.uk/ace/ws/660/cpsprodpb/11349/production/_133237407_mountfuji.jpg]
[ichef.bbci.co.uk/ace/ws/660/cpsprodpb/E167/production/_132830775_gettyimages-1813815706.jpg]
[www.bbc.com/news/articles/cgrrky897k0o-2.html]
[ichef.bbci.co.uk/ace/ws/640/cpsprodpb/85cd/live/87c88e60-1713-11ef-b71c-3b126590418b.jpg]
[www.bbc.com/news/articles/ckv7yk88q0go.html]
[ichef.bbci.co.uk/images/ic/512xn/p0hvhyly.jpg]
[ichef.bbci.co.uk/ace/ws/640/cpsprodpb/c6b4/live/c2189270-171f-11ef-ad69-676287513c31.png]
[www.bbc.com/news/articles/cjmmj7r0v2go-2.html]
[ichef.bbci.co.uk/ace/ws/640/cpsprodpb/d8d9/live/baf9c150-110a-11ef-a190-bb979758150a.jpg]
[ichef.bbci.co.uk/ace/ws/640/cpsprodpb/2480/live/9a026c90-110a-11ef-a190-bb979758150a.jpg]
[ichef.bbci.co.uk/ace/ws/640/cpsprodpb/99e0/live/20f6eaa0-110b-11ef-a190-bb979758150a.jpg]
[www.bbc.com/news/articles/cj5ll89dy2mo-2.html]
[ichef.bbci.co.uk/news/1024/branded_news/5198/live/787c8410-0c83-11ef-a38b-3938a1c533d9.jpg]
[www.bbc.com/news/articles/c72p5epzj2no-2.html]
[www.bbc.com/news/articles/c72p5epzj2no.html]
[ichef.bbci.co.uk/news/1024/branded_news/16f0/live/9b921d80-0868-11ef-bee9-6125e244a4cd.jpg]
[www.bbc.com/news/articles/ckv7yk88q0go.html]
[www.bbc.com/news/articles/ckv7yk88q0go-2.html]
[ichef.bbci.co.uk/ace/ws/640/cpsprodpb/5198/live/787c8410-0c83-11ef-a38b-3938a1c533d9.jpg]
[www.bbc.com/news/articles/c72p5epzj2no-2.html]
[ichef.bbci.co.uk/ace/ws/640/cpsprodpb/e7f7/live/b544f560-0861-11ef-8002-198ca5ebd7b0.png]
[ichef.bbci.co.uk/ace/ws/640/cpsprodpb/314a/live/59b4d920-0868-11ef-996e-29ade0d99634.jpg]
[ichef.bbci.co.uk/ace/ws/660/cpsprodpb/8847/production/_126978843_japan_missile_epa.jpg]
[ichef.bbci.co.uk/ace/ws/660/cpsprodpb/10946/production/_132401976_8a0709e77e852116213774b086d8164e0122804f.jpg]
[www.bbc.com/news/articles/ckv7yk88q0go-2.html]
